Microchip MPLAB XC8 Compiler V2.36

Linker command line:

-W-3 --edf=C:\Program Files\Microchip\xc8\v2.36\pic\dat\en_msgs.txt -cn \
  -h+dist/default/production\STEP_MOTOR.X.production.sym \
  --cmf=dist/default/production\STEP_MOTOR.X.production.cmf -z -Q16F84A \
  -oC:\Users\atila\AppData\Local\Temp\xcAsa2c.4 --defsym=__MPLAB_BUILD=1 \
  -Mdist/default/production/STEP_MOTOR.X.production.map \
  --md=C:\Users\atila\AppData\Local\Temp\xcAsa2c.dat -E1 -ver=XC8 Compiler \
  --acfsm=1493 -ACODE=00h-03FFh -ASTRCODE=00h-03FFh -ASTRING=00h-0FFhx4 \
  -ACONST=00h-0FFhx4 -AENTRY=00h-0FFhx4 -ABANK0=0Ch-04Dh -ARAM=0Ch-04Dh \
  -AABS1=0Ch-04Fh -ACOMMON=04Eh-04Fh -ASFR0=00h-0Bh -ASFR1=080h-0CDh \
  -ACONFIG=02007h-02007h -DCONFIG=2 -AIDLOC=02000h-02003h -DIDLOC=2 \
  -AEEDATA=00h-03Fh/02100h -peeprom_data=EEDATA -DEEDATA=2 -DCODE=2 \
  -DSTRCODE=2 -DSTRING=2 -DCONST=2 -DENTRY=2 \
  -preset_vec=00h,intentry,init,end_init -ppowerup=CODE -pcinit=CODE \
  -pfunctab=ENTRY -k C:\Users\atila\AppData\Local\Temp\xcAsa2c.o \
  dist/default/production\STEP_MOTOR.X.production.o 

Object code version is 3.11

Machine type is 16F84A



                Name                               Link     Load   Length Selector   Space Scale
C:\Users\atila\AppData\Local\Temp\xcAsa2c.o
                end_init                              0        0        1        0       0
                config                             2007     2007        1        0       4
                idloc                              2000     2000        4        0       5
dist/default/production\STEP_MOTOR.X.production.o
                cinit                               3DC      3DC       24      7B8       0
                config                             2007     2007        1        0       4
                idloc                              2000     2000        4        0       5
                maintext                            397      397       45      72E       0
                cstackBANK0                          1C       1C        3        C       1
                dataBANK0                             C        C       10        C       1
                bssBANK0                             1F       1F        2        C       1
                idataBANK0                          387      387       10      70E       0

TOTAL           Name                               Link     Load   Length     Space
        CLASS   CODE           
                end_init                              0        0        1         0
                cinit                               3DC      3DC       24         0
                maintext                            397      397       45         0
                idataBANK0                          387      387       10         0

        CLASS   STRCODE        

        CLASS   STRING         

        CLASS   CONST          

        CLASS   ENTRY          

        CLASS   BANK0          
                cstackBANK0                          1C       1C        3         1
                dataBANK0                             C        C       10         1
                bssBANK0                             1F       1F        2         1

        CLASS   RAM            

        CLASS   ABS1           
                abs_s1                               4E       4E        2         1

        CLASS   COMMON         

        CLASS   SFR0           

        CLASS   SFR1           

        CLASS   CONFIG         
                config                             2007     2007        1         4

        CLASS   IDLOC          
                idloc                              2000     2000        4         5

        CLASS   EEDATA         

        CLASS   BANK1          

        CLASS   STACK          



SEGMENTS        Name                           Load    Length   Top    Selector   Space  Class     Delta

                reset_vec                      000000  000001  000001         0       0  CODE        2
                dataBANK0                      00000C  000015  000021         C       1  BANK0       1
                idataBANK0                     000387  000010  000397       70E       0  CODE        2
                maintext                       000397  000045  0003DC       72E       0  CODE        2
                cinit                          0003DC  000024  000400       7B8       0  CODE        2


UNUSED ADDRESS RANGES

        Name                Unused          Largest block    Delta
        BANK0            0021-004D             2D           1
        CODE             0001-0386            386           2
        CONST            0001-0386            100           2
        EEDATA           2100-213F             40           2
        ENTRY            0001-0386            100           2
        RAM              0021-004D             2D           1
        SFR0             0000-000B              C           1
        SFR1             0080-00CD             4E           1
        STRCODE          0001-0386            386           2
        STRING           0001-0386            100           2

                                  Symbol Table

_PORTB                   (abs)       0006
_RA0                     (abs)       0028
_TRISA                   (abs)       0085
_TRISB                   (abs)       0086
__Habs1                  abs1        0000
__Hbank0                 bank0       0000
__Hbank1                 bank1       0000
__HbssBANK0              bssBANK0    0000
__Hcinit                 cinit       0400
__Hclrtext               clrtext     0000
__Hcode                  code        0000
__Hcommon                common      0000
__Hconfig                config      2008
__HcstackBANK0           cstackBANK0 0000
__HdataBANK0             dataBANK0   0000
__Heeprom_data           eeprom_data 0000
__Hend_init              end_init    0001
__Hfunctab               functab     0000
__HidataBANK0            idataBANK0  0000
__Hidloc                 idloc       2004
__Hinit                  init        0000
__Hintentry              intentry    0000
__Hmaintext              maintext    0000
__Hpowerup               powerup     0000
__Hram                   ram         0000
__Hreset_vec             reset_vec   0000
__Hsfr0                  sfr0        0000
__Hsfr1                  sfr1        0000
__Hspace_0               (abs)       0400
__Hspace_1               (abs)       0021
__Hspace_2               (abs)       0000
__Hspace_3               (abs)       0000
__Hspace_4               (abs)       400F
__Hstack                 stack       0000
__Hstrings               strings     0000
__Htext                  text        0000
__Labs1                  abs1        0000
__Lbank0                 bank0       0000
__Lbank1                 bank1       0000
__LbssBANK0              bssBANK0    0000
__Lcinit                 cinit       03DC
__Lclrtext               clrtext     0000
__Lcode                  code        0000
__Lcommon                common      0000
__Lconfig                config      0000
__LcstackBANK0           cstackBANK0 0000
__LdataBANK0             dataBANK0   0000
__Leeprom_data           eeprom_data 0000
__Lend_init              end_init    0000
__Lfunctab               functab     0000
__LidataBANK0            idataBANK0  0000
__Lidloc                 idloc       0000
__Linit                  init        0000
__Lintentry              intentry    0000
__Lmaintext              maintext    0000
__Lpowerup               powerup     0000
__Lram                   ram         0000
__Lreset_vec             reset_vec   0000
__Lsfr0                  sfr0        0000
__Lsfr1                  sfr1        0000
__Lspace_0               (abs)       0000
__Lspace_1               (abs)       0000
__Lspace_2               (abs)       0000
__Lspace_3               (abs)       0000
__Lspace_4               (abs)       0000
__Lstack                 stack       0000
__Lstrings               strings     0000
__Ltext                  text        0000
__S0                     (abs)       0400
__S1                     (abs)       0021
__S3                     (abs)       0000
___int_sp                stack       0000
___latbits               (abs)       0000
___sp                    stack       0000
___stackhi               (abs)       0000
___stacklo               (abs)       0000
__end_of__initialization cinit       03FE
__end_of_main            maintext    03DC
__initialization         cinit       03DC
__pbssBANK0              bssBANK0    001F
__pcstackBANK0           cstackBANK0 001C
__pdataBANK0             dataBANK0   000C
__pidataBANK0            idataBANK0  0387
__pmaintext              maintext    0397
_dizi                    dataBANK0   000C
_i                       bssBANK0    001F
_main                    maintext    0397
btemp                    (abs)       004E
end_of_initialization    cinit       03FE
intlevel0                functab     0000
intlevel1                functab     0000
intlevel2                functab     0000
intlevel3                functab     0000
intlevel4                functab     0000
intlevel5                functab     0000
reset_vec                reset_vec   0000
start                    init        0000
start_initialization     cinit       03DC
wtemp0                   (abs)       004E


MODULE INFORMATION

Module		Function		Class		Link	Load	Size
shared
		__initialization		CODE           	03DC	0000	34

shared estimated size: 34

stepMotor.c
		_main          		CODE           	0397	0000	69

stepMotor.c estimated size: 69

