Microchip MPLAB XC8 Compiler V2.36

Linker command line:

-W-3 --edf=C:\Program Files\Microchip\xc8\v2.36\pic\dat\en_msgs.txt -cn \
  -h+dist/default/production\2DisplayProject.X.production.sym \
  --cmf=dist/default/production\2DisplayProject.X.production.cmf -z \
  -Q16F84A -oC:\Users\atila\AppData\Local\Temp\xcAscac.4 \
  --defsym=__MPLAB_BUILD=1 \
  -Mdist/default/production/2DisplayProject.X.production.map \
  --md=C:\Users\atila\AppData\Local\Temp\xcAscac.dat -E1 -ver=XC8 Compiler \
  --acfsm=1493 -ACODE=00h-03FFh -ASTRCODE=00h-03FFh -ASTRING=00h-0FFhx4 \
  -ACONST=00h-0FFhx4 -AENTRY=00h-0FFhx4 -ABANK0=0Ch-04Dh -ARAM=0Ch-04Dh \
  -AABS1=0Ch-04Fh -ACOMMON=04Eh-04Fh -ASFR0=00h-0Bh -ASFR1=080h-0CDh \
  -ACONFIG=02007h-02007h -DCONFIG=2 -AIDLOC=02000h-02003h -DIDLOC=2 \
  -AEEDATA=00h-03Fh/02100h -peeprom_data=EEDATA -DEEDATA=2 -DCODE=2 \
  -DSTRCODE=2 -DSTRING=2 -DCONST=2 -DENTRY=2 \
  -preset_vec=00h,intentry,init,end_init -ppowerup=CODE -pcinit=CODE \
  -pfunctab=ENTRY -k C:\Users\atila\AppData\Local\Temp\xcAscac.o \
  dist/default/production\2DisplayProject.X.production.o 

Object code version is 3.11

Machine type is 16F84A



                Name                               Link     Load   Length Selector   Space Scale
C:\Users\atila\AppData\Local\Temp\xcAscac.o
                end_init                              0        0        1        0       0
                config                             2007     2007        1        0       4
                idloc                              2000     2000        4        0       5
dist/default/production\2DisplayProject.X.production.o
                cinit                               3D2      3D2       2E      7A4       0
                config                             2007     2007        1        0       4
                idloc                              2000     2000        4        0       5
                maintext                            360      360       72      6C0       0
                cstackBANK0                          26       26        2        C       1
                dataBANK0                             C        C       14        C       1
                bssBANK0                             20       20        4        C       1
                nvBANK0                              24       24        2        C       1
                idataBANK0                          34C      34C       14      698       0

TOTAL           Name                               Link     Load   Length     Space
        CLASS   CODE           
                end_init                              0        0        1         0
                cinit                               3D2      3D2       2E         0
                maintext                            360      360       72         0
                idataBANK0                          34C      34C       14         0

        CLASS   STRCODE        

        CLASS   STRING         

        CLASS   CONST          

        CLASS   ENTRY          

        CLASS   BANK0          
                cstackBANK0                          26       26        2         1
                dataBANK0                             C        C       14         1
                bssBANK0                             20       20        4         1
                nvBANK0                              24       24        2         1

        CLASS   RAM            

        CLASS   ABS1           
                abs_s1                               4E       4E        2         1

        CLASS   COMMON         

        CLASS   SFR0           

        CLASS   SFR1           

        CLASS   CONFIG         
                config                             2007     2007        1         4

        CLASS   IDLOC          
                idloc                              2000     2000        4         5

        CLASS   EEDATA         

        CLASS   BANK1          

        CLASS   STACK          



SEGMENTS        Name                           Load    Length   Top    Selector   Space  Class     Delta

                reset_vec                      000000  000001  000001         0       0  CODE        2
                dataBANK0                      00000C  00001C  000028         C       1  BANK0       1
                idataBANK0                     00034C  000014  000360       698       0  CODE        2
                maintext                       000360  000072  0003D2       6C0       0  CODE        2
                cinit                          0003D2  00002E  000400       7A4       0  CODE        2


UNUSED ADDRESS RANGES

        Name                Unused          Largest block    Delta
        BANK0            0028-004D             26           1
        CODE             0001-034B            34B           2
        CONST            0001-034B            100           2
        EEDATA           2100-213F             40           2
        ENTRY            0001-034B            100           2
        RAM              0028-004D             26           1
        SFR0             0000-000B              C           1
        SFR1             0080-00CD             4E           1
        STRCODE          0001-034B            34B           2
        STRING           0001-034B            100           2

                                  Symbol Table

_PORTB                   (abs)       0006
_RA0                     (abs)       0028
_RA1                     (abs)       0029
_TRISA                   (abs)       0085
_TRISB                   (abs)       0086
__Habs1                  abs1        0000
__Hbank0                 bank0       0000
__Hbank1                 bank1       0000
__HbssBANK0              bssBANK0    0000
__Hcinit                 cinit       0400
__Hclrtext               clrtext     0000
__Hcode                  code        0000
__Hcommon                common      0000
__Hconfig                config      2008
__HcstackBANK0           cstackBANK0 0000
__HdataBANK0             dataBANK0   0000
__Heeprom_data           eeprom_data 0000
__Hend_init              end_init    0001
__Hfunctab               functab     0000
__HidataBANK0            idataBANK0  0000
__Hidloc                 idloc       2004
__Hinit                  init        0000
__Hintentry              intentry    0000
__Hmaintext              maintext    0000
__HnvBANK0               nvBANK0     0000
__Hpowerup               powerup     0000
__Hram                   ram         0000
__Hreset_vec             reset_vec   0000
__Hsfr0                  sfr0        0000
__Hsfr1                  sfr1        0000
__Hspace_0               (abs)       0400
__Hspace_1               (abs)       0028
__Hspace_2               (abs)       0000
__Hspace_3               (abs)       0000
__Hspace_4               (abs)       400F
__Hstack                 stack       0000
__Hstrings               strings     0000
__Htext                  text        0000
__Labs1                  abs1        0000
__Lbank0                 bank0       0000
__Lbank1                 bank1       0000
__LbssBANK0              bssBANK0    0000
__Lcinit                 cinit       03D2
__Lclrtext               clrtext     0000
__Lcode                  code        0000
__Lcommon                common      0000
__Lconfig                config      0000
__LcstackBANK0           cstackBANK0 0000
__LdataBANK0             dataBANK0   0000
__Leeprom_data           eeprom_data 0000
__Lend_init              end_init    0000
__Lfunctab               functab     0000
__LidataBANK0            idataBANK0  0000
__Lidloc                 idloc       0000
__Linit                  init        0000
__Lintentry              intentry    0000
__Lmaintext              maintext    0000
__LnvBANK0               nvBANK0     0000
__Lpowerup               powerup     0000
__Lram                   ram         0000
__Lreset_vec             reset_vec   0000
__Lsfr0                  sfr0        0000
__Lsfr1                  sfr1        0000
__Lspace_0               (abs)       0000
__Lspace_1               (abs)       0000
__Lspace_2               (abs)       0000
__Lspace_3               (abs)       0000
__Lspace_4               (abs)       0000
__Lstack                 stack       0000
__Lstrings               strings     0000
__Ltext                  text        0000
__S0                     (abs)       0400
__S1                     (abs)       0028
__S3                     (abs)       0000
___int_sp                stack       0000
___latbits               (abs)       0000
___sp                    stack       0000
___stackhi               (abs)       0000
___stacklo               (abs)       0000
__end_of__initialization cinit       03FE
__end_of_main            maintext    03D2
__initialization         cinit       03D2
__pbssBANK0              bssBANK0    0020
__pcstackBANK0           cstackBANK0 0026
__pdataBANK0             dataBANK0   000C
__pidataBANK0            idataBANK0  034C
__pmaintext              maintext    0360
__pnvBANK0               nvBANK0     0024
_birler                  bssBANK0    0022
_dizi                    dataBANK0   000C
_main                    maintext    0360
_onlar                   nvBANK0     0024
_sayi                    bssBANK0    0020
btemp                    (abs)       004E
end_of_initialization    cinit       03FE
intlevel0                functab     0000
intlevel1                functab     0000
intlevel2                functab     0000
intlevel3                functab     0000
intlevel4                functab     0000
intlevel5                functab     0000
reset_vec                reset_vec   0000
start                    init        0000
start_initialization     cinit       03D2
wtemp0                   (abs)       004E


MODULE INFORMATION

Module		Function		Class		Link	Load	Size
2Disp_mainc.c
		_main          		CODE           	0360	0000	114

2Disp_mainc.c estimated size: 114

shared
		__initialization		CODE           	03D2	0000	44

shared estimated size: 44

