Microchip MPLAB XC8 Compiler V2.36

Linker command line:

-W-3 --edf=C:\Program Files\Microchip\xc8\v2.36\pic\dat\en_msgs.txt -cn \
  -h+dist/default/production\rb0Interrupt.X.production.sym \
  --cmf=dist/default/production\rb0Interrupt.X.production.cmf -z -Q16F84A \
  -oC:\Users\atila\AppData\Local\Temp\xcAs7os.4 --defsym=__MPLAB_BUILD=1 \
  -Mdist/default/production/rb0Interrupt.X.production.map \
  --md=C:\Users\atila\AppData\Local\Temp\xcAs7os.dat -E1 -ver=XC8 Compiler \
  --acfsm=1493 -ACODE=00h-03FFh -ASTRCODE=00h-03FFh -ASTRING=00h-0FFhx4 \
  -ACONST=00h-0FFhx4 -AENTRY=00h-0FFhx4 -ABANK0=0Ch-04Dh -ARAM=0Ch-04Dh \
  -AABS1=0Ch-04Fh -ACOMMON=04Eh-04Fh -ASFR0=00h-0Bh -ASFR1=080h-0CDh \
  -ACONFIG=02007h-02007h -DCONFIG=2 -AIDLOC=02000h-02003h -DIDLOC=2 \
  -AEEDATA=00h-03Fh/02100h -peeprom_data=EEDATA -DEEDATA=2 -DCODE=2 \
  -DSTRCODE=2 -DSTRING=2 -DCONST=2 -DENTRY=2 \
  -preset_vec=00h,intentry=04h,init,end_init -ppowerup=CODE -pcinit=CODE \
  -pfunctab=ENTRY -k C:\Users\atila\AppData\Local\Temp\xcAs7os.o \
  dist/default/production\rb0Interrupt.X.production.o 

Object code version is 3.11

Machine type is 16F84A



                Name                               Link     Load   Length Selector   Space Scale
C:\Users\atila\AppData\Local\Temp\xcAs7os.o
                end_init                              B        B        1        8       0
                reset_vec                             0        0        1        0       0
                config                             2007     2007        1        0       4
                idloc                              2000     2000        4        0       5
dist/default/production\rb0Interrupt.X.production.o
                cinit                                 C        C        5        8       0
                intentry                              4        4        7        8       0
                config                             2007     2007        1        0       4
                idloc                              2000     2000        4        0       5
                text1                                11       11       2B        8       0
                maintext                             3C       3C       29        8       0
                cstackBANK0                           C        C        8        C       1
                bssBANK0                             14       14        2        C       1

TOTAL           Name                               Link     Load   Length     Space
        CLASS   CODE           
                end_init                              B        B        1         0
                cinit                                 C        C        5         0
                intentry                              4        4        7         0
                reset_vec                             0        0        1         0
                text1                                11       11       2B         0
                maintext                             3C       3C       29         0

        CLASS   STRCODE        

        CLASS   STRING         

        CLASS   CONST          

        CLASS   ENTRY          

        CLASS   BANK0          
                cstackBANK0                           C        C        8         1
                bssBANK0                             14       14        2         1

        CLASS   RAM            

        CLASS   ABS1           
                abs_s1                               4E       4E        2         1

        CLASS   COMMON         

        CLASS   SFR0           

        CLASS   SFR1           

        CLASS   CONFIG         
                config                             2007     2007        1         4

        CLASS   IDLOC          
                idloc                              2000     2000        4         5

        CLASS   EEDATA         

        CLASS   BANK1          

        CLASS   STACK          



SEGMENTS        Name                           Load    Length   Top    Selector   Space  Class     Delta

                reset_vec                      000000  000001  000001         0       0  CODE        2
                intentry                       000004  000061  000065         8       0  CODE        2
                cstackBANK0                    00000C  00000A  000016         C       1  BANK0       1


UNUSED ADDRESS RANGES

        Name                Unused          Largest block    Delta
        BANK0            0016-004D             38           1
        CODE             0001-0003              3           2
                         0065-03FF            39B
        CONST            0001-0003              3           2
                         0065-03FF            100
        EEDATA           2100-213F             40           2
        ENTRY            0001-0003              3           2
                         0065-03FF            100
        RAM              0016-004D             38           1
        SFR0             0000-000B              C           1
        SFR1             0080-00CD             4E           1
        STRCODE          0001-0003              3           2
                         0065-03FF            39B
        STRING           0001-0003              3           2
                         0065-03FF            100

                                  Symbol Table

_GIE                     (abs)       005F
_INTE                    (abs)       005C
_INTF                    (abs)       0059
_KESME                   text1       0011
_PORTA                   (abs)       0005
_PORTB                   (abs)       0006
_TRISA                   (abs)       0085
_TRISB                   (abs)       0086
__Habs1                  abs1        0000
__Hbank0                 bank0       0000
__Hbank1                 bank1       0000
__HbssBANK0              bssBANK0    0000
__Hcinit                 cinit       0011
__Hclrtext               clrtext     0000
__Hcode                  code        0000
__Hcommon                common      0000
__Hconfig                config      2008
__HcstackBANK0           cstackBANK0 0000
__Heeprom_data           eeprom_data 0000
__Hend_init              end_init    000C
__Hfunctab               functab     0000
__Hidloc                 idloc       2004
__Hinit                  init        000B
__Hintentry              intentry    000B
__Hmaintext              maintext    0000
__Hpowerup               powerup     0000
__Hram                   ram         0000
__Hreset_vec             reset_vec   0001
__Hsfr0                  sfr0        0000
__Hsfr1                  sfr1        0000
__Hspace_0               (abs)       0065
__Hspace_1               (abs)       0016
__Hspace_2               (abs)       0000
__Hspace_3               (abs)       0000
__Hspace_4               (abs)       400F
__Hstack                 stack       0000
__Hstrings               strings     0000
__Htext                  text        0000
__Labs1                  abs1        0000
__Lbank0                 bank0       0000
__Lbank1                 bank1       0000
__LbssBANK0              bssBANK0    0000
__Lcinit                 cinit       000C
__Lclrtext               clrtext     0000
__Lcode                  code        0000
__Lcommon                common      0000
__Lconfig                config      0000
__LcstackBANK0           cstackBANK0 0000
__Leeprom_data           eeprom_data 0000
__Lend_init              end_init    000B
__Lfunctab               functab     0000
__Lidloc                 idloc       0000
__Linit                  init        000B
__Lintentry              intentry    0004
__Lmaintext              maintext    0000
__Lpowerup               powerup     0000
__Lram                   ram         0000
__Lreset_vec             reset_vec   0000
__Lsfr0                  sfr0        0000
__Lsfr1                  sfr1        0000
__Lspace_0               (abs)       0000
__Lspace_1               (abs)       0000
__Lspace_2               (abs)       0000
__Lspace_3               (abs)       0000
__Lspace_4               (abs)       0000
__Lstack                 stack       0000
__Lstrings               strings     0000
__Ltext                  text        0000
__S0                     (abs)       0065
__S1                     (abs)       0016
__S3                     (abs)       0000
___int_sp                stack       0000
___latbits               (abs)       0000
___sp                    stack       0000
___stackhi               (abs)       0000
___stacklo               (abs)       0000
__end_of_KESME           text1       003C
__end_of__initialization cinit       000F
__end_of_main            maintext    0065
__initialization         cinit       000C
__pbssBANK0              bssBANK0    0014
__pcstackBANK0           cstackBANK0 000C
__pintentry              intentry    0004
__pmaintext              maintext    003C
__ptext1                 text1       0011
_main                    maintext    003C
btemp                    (abs)       004E
end_of_initialization    cinit       000F
interrupt_function       intentry    0004
intlevel0                functab     0000
intlevel1                functab     0000
intlevel2                functab     0000
intlevel3                functab     0000
intlevel4                functab     0000
intlevel5                functab     0000
reset_vec                reset_vec   0000
saved_w                  (abs)       004E
start                    init        000B
start_initialization     cinit       000C
wtemp0                   (abs)       004E


MODULE INFORMATION

Module		Function		Class		Link	Load	Size
rb0MainC.c
		_main          		CODE           	003C	0000	41
		_KESME         		CODE           	0011	0000	43

rb0MainC.c estimated size: 84

shared
		__initialization		CODE           	000C	0000	3

shared estimated size: 3

